train=5122 val=1270 (split by patient ID, no leakage)
pos_weight per label {'D': 1.986588954925537, 'G': 15.793442726135254, 'C': 14.808642387390137, 'A': 19.65322494506836, 'H': 20.0}
epoch 1/25 lr=1.50e-04 train_loss=1.6117 mean_auc=0.6940 val_auc={'D': 0.5994, 'G': 0.7178, 'C': 0.7643, 'A': 0.6611, 'H': 0.7276}
  -> new best mean_auc=0.6940, saved baseline_mobilenetv3_small_best.pt
epoch 2/25 lr=3.00e-04 train_loss=1.1613 mean_auc=0.7552 val_auc={'D': 0.6013, 'G': 0.821, 'C': 0.9199, 'A': 0.7881, 'H': 0.6458}
  -> new best mean_auc=0.7552, saved baseline_mobilenetv3_small_best.pt
epoch 3/25 lr=2.99e-04 train_loss=1.0268 mean_auc=0.7822 val_auc={'D': 0.6943, 'G': 0.8013, 'C': 0.931, 'A': 0.8262, 'H': 0.6582}
  -> new best mean_auc=0.7822, saved baseline_mobilenetv3_small_best.pt
epoch 4/25 lr=2.94e-04 train_loss=0.9059 mean_auc=0.7964 val_auc={'D': 0.6796, 'G': 0.8441, 'C': 0.914, 'A': 0.8138, 'H': 0.7305}
  -> new best mean_auc=0.7964, saved baseline_mobilenetv3_small_best.pt
epoch 5/25 lr=2.88e-04 train_loss=0.8261 mean_auc=0.8055 val_auc={'D': 0.6974, 'G': 0.8717, 'C': 0.9432, 'A': 0.794, 'H': 0.7215}
  -> new best mean_auc=0.8055, saved baseline_mobilenetv3_small_best.pt
epoch 6/25 lr=2.78e-04 train_loss=0.7939 mean_auc=0.8126 val_auc={'D': 0.6835, 'G': 0.8515, 'C': 0.9266, 'A': 0.8408, 'H': 0.7604}
  -> new best mean_auc=0.8126, saved baseline_mobilenetv3_small_best.pt
epoch 7/25 lr=2.66e-04 train_loss=0.7450 mean_auc=0.8016 val_auc={'D': 0.6725, 'G': 0.8433, 'C': 0.9341, 'A': 0.8375, 'H': 0.7206}
epoch 8/25 lr=2.52e-04 train_loss=0.7192 mean_auc=0.8117 val_auc={'D': 0.6852, 'G': 0.8615, 'C': 0.9403, 'A': 0.8209, 'H': 0.7507}
epoch 9/25 lr=2.37e-04 train_loss=0.6897 mean_auc=0.8143 val_auc={'D': 0.6885, 'G': 0.8738, 'C': 0.9503, 'A': 0.8099, 'H': 0.749}
  -> new best mean_auc=0.8143, saved baseline_mobilenetv3_small_best.pt
epoch 10/25 lr=2.19e-04 train_loss=0.6543 mean_auc=0.8165 val_auc={'D': 0.693, 'G': 0.8537, 'C': 0.9258, 'A': 0.8397, 'H': 0.7705}
  -> new best mean_auc=0.8165, saved baseline_mobilenetv3_small_best.pt
epoch 11/25 lr=2.00e-04 train_loss=0.6194 mean_auc=0.8208 val_auc={'D': 0.7016, 'G': 0.8787, 'C': 0.9418, 'A': 0.8115, 'H': 0.7705}
  -> new best mean_auc=0.8208, saved baseline_mobilenetv3_small_best.pt
epoch 12/25 lr=1.81e-04 train_loss=0.5737 mean_auc=0.8140 val_auc={'D': 0.7007, 'G': 0.8656, 'C': 0.9306, 'A': 0.8364, 'H': 0.7368}
epoch 13/25 lr=1.60e-04 train_loss=0.5108 mean_auc=0.8142 val_auc={'D': 0.7077, 'G': 0.8601, 'C': 0.9284, 'A': 0.8474, 'H': 0.7275}
epoch 14/25 lr=1.40e-04 train_loss=0.5014 mean_auc=0.8205 val_auc={'D': 0.6941, 'G': 0.8581, 'C': 0.9352, 'A': 0.8641, 'H': 0.7512}
epoch 15/25 lr=1.19e-04 train_loss=0.4686 mean_auc=0.8215 val_auc={'D': 0.6947, 'G': 0.8722, 'C': 0.9376, 'A': 0.8575, 'H': 0.7452}
  -> new best mean_auc=0.8215, saved baseline_mobilenetv3_small_best.pt
epoch 16/25 lr=9.98e-05 train_loss=0.3997 mean_auc=0.8100 val_auc={'D': 0.6927, 'G': 0.8504, 'C': 0.9254, 'A': 0.8543, 'H': 0.7272}
epoch 17/25 lr=8.10e-05 train_loss=0.3509 mean_auc=0.8172 val_auc={'D': 0.6857, 'G': 0.8721, 'C': 0.9263, 'A': 0.854, 'H': 0.7479}
epoch 18/25 lr=6.35e-05 train_loss=0.3339 mean_auc=0.8129 val_auc={'D': 0.6832, 'G': 0.8739, 'C': 0.9286, 'A': 0.8439, 'H': 0.7352}
epoch 19/25 lr=4.76e-05 train_loss=0.3031 mean_auc=0.8176 val_auc={'D': 0.6888, 'G': 0.8681, 'C': 0.9331, 'A': 0.8572, 'H': 0.7406}
epoch 20/25 lr=3.36e-05 train_loss=0.2842 mean_auc=0.8158 val_auc={'D': 0.6835, 'G': 0.8747, 'C': 0.9352, 'A': 0.8531, 'H': 0.7326}
epoch 21/25 lr=2.18e-05 train_loss=0.2612 mean_auc=0.8130 val_auc={'D': 0.6776, 'G': 0.8715, 'C': 0.9355, 'A': 0.8619, 'H': 0.7183}
epoch 22/25 lr=1.24e-05 train_loss=0.2457 mean_auc=0.8190 val_auc={'D': 0.6841, 'G': 0.8815, 'C': 0.9322, 'A': 0.8575, 'H': 0.7399}
epoch 23/25 lr=5.56e-06 train_loss=0.2235 mean_auc=0.8147 val_auc={'D': 0.6827, 'G': 0.8732, 'C': 0.9323, 'A': 0.8607, 'H': 0.7248}
epoch 24/25 lr=1.40e-06 train_loss=0.2120 mean_auc=0.8143 val_auc={'D': 0.682, 'G': 0.8691, 'C': 0.9372, 'A': 0.8598, 'H': 0.7233}
epoch 25/25 lr=0.00e+00 train_loss=0.2186 mean_auc=0.8138 val_auc={'D': 0.6808, 'G': 0.8668, 'C': 0.9363, 'A': 0.8606, 'H': 0.7245}
done. best mean_auc=0.8215
