[2026-10-03 17:11:40] start tag=final runtimes=ort ort_nospin ov warmup=50 iters=500 threads=0 host=extraeye
[2026-10-03 17:11:40] before ort_plain load=0.00 0.01 0.00 mhz=3218.616
[2026-10-03 17:11:40] end ort_plain rc=127
[2026-10-03 17:11:40] after ort_plain load=0.00 0.01 0.00 mhz=2924.616
[2026-10-03 17:12:10] before ort_head load=0.00 0.00 0.00 mhz=700.000
[2026-10-03 17:12:10] end ort_head rc=127
[2026-10-03 17:12:10] after ort_head load=0.00 0.00 0.00 mhz=3251.799
[2026-10-03 17:12:40] before ort_gradcam1 load=0.00 0.00 0.00 mhz=2424.528
[2026-10-03 17:12:40] end ort_gradcam1 rc=127
[2026-10-03 17:12:40] after ort_gradcam1 load=0.00 0.00 0.00 mhz=3371.980
[2026-10-03 17:13:10] before ort_gradcam5 load=0.00 0.00 0.00 mhz=700.000
[2026-10-03 17:13:10] end ort_gradcam5 rc=127
[2026-10-03 17:13:10] after ort_gradcam5 load=0.00 0.00 0.00 mhz=3121.346
[2026-10-03 17:13:40] before ort_nospin_plain load=0.00 0.00 0.00 mhz=700.000
[2026-10-03 17:13:40] end ort_nospin_plain rc=127
[2026-10-03 17:13:40] after ort_nospin_plain load=0.00 0.00 0.00 mhz=3237.586
[2026-10-03 17:14:10] before ort_nospin_head load=0.00 0.00 0.00 mhz=700.000
[2026-10-03 17:14:11] end ort_nospin_head rc=127
[2026-10-03 17:14:11] after ort_nospin_head load=0.00 0.00 0.00 mhz=3259.799
[2026-10-03 17:14:41] before ort_nospin_gradcam1 load=0.00 0.00 0.00 mhz=2434.020
[2026-10-03 17:14:41] end ort_nospin_gradcam1 rc=127
[2026-10-03 17:14:41] after ort_nospin_gradcam1 load=0.00 0.00 0.00 mhz=3316.728
[2026-10-03 17:15:11] before ort_nospin_gradcam5 load=0.00 0.00 0.00 mhz=700.000
[2026-10-03 17:15:11] end ort_nospin_gradcam5 rc=127
[2026-10-03 17:15:11] after ort_nospin_gradcam5 load=0.00 0.00 0.00 mhz=3019.148
[2026-10-03 17:15:41] before ov_plain load=0.00 0.00 0.00 mhz=700.000
[2026-10-03 17:15:41] end ov_plain rc=127
[2026-10-03 17:15:41] after ov_plain load=0.00 0.00 0.00 mhz=3216.383
[2026-10-03 17:16:11] before ov_head load=0.00 0.00 0.00 mhz=700.000
[2026-10-03 17:16:11] end ov_head rc=127
[2026-10-03 17:16:11] after ov_head load=0.00 0.00 0.00 mhz=3174.062
[2026-10-03 17:16:41] before ov_gradcam1 load=0.00 0.00 0.00 mhz=700.000
[2026-10-03 17:16:41] end ov_gradcam1 rc=127
[2026-10-03 17:16:41] after ov_gradcam1 load=0.00 0.00 0.00 mhz=3051.348
[2026-10-03 17:17:11] before ov_gradcam5 load=0.00 0.00 0.00 mhz=700.000
[2026-10-03 17:17:11] end ov_gradcam5 rc=127
[2026-10-03 17:17:11] after ov_gradcam5 load=0.00 0.00 0.00 mhz=3235.935
[2026-10-03 17:17:41] ALL DONE
