=== idle pre (17:02:38)
idle[pre] rep 0: {'package': 2.657, 'core': 0.0199, 'uncore': 0.0} W, temps 52.0 C, sys busy 0.0005
idle[pre] rep 1: {'package': 2.6364, 'core': 0.0163, 'uncore': 0.0} W, temps 49.0 C, sys busy 0.0005
idle[pre] rep 2: {'package': 2.6196, 'core': 0.0167, 'uncore': 0.0} W, temps 48.0 C, sys busy 0.0004

=== run ort_fp32_cpu (17:07:09)
ort_fp32_cpu model rep 0: 11.534 W pkg, 443.1 inf/s, 26.03 mJ/inf, pkg temp 48.0->65.0 C, sys busy 1.0
ort_fp32_cpu model rep 1: 11.233 W pkg, 419.6 inf/s, 26.77 mJ/inf, pkg temp 51.0->68.0 C, sys busy 1.0
ort_fp32_cpu model rep 2: 11.236 W pkg, 417.0 inf/s, 26.94 mJ/inf, pkg temp 55.0->72.0 C, sys busy 1.0
ort_fp32_cpu e2e rep 0: 9.728 W pkg, 138.3 inf/s, 70.37 mJ/inf, pkg temp 58.0->72.0 C, sys busy 1.0
ort_fp32_cpu e2e rep 1: 9.770 W pkg, 137.5 inf/s, 71.05 mJ/inf, pkg temp 58.0->73.0 C, sys busy 1.0
ort_fp32_cpu e2e rep 2: 9.801 W pkg, 137.6 inf/s, 71.22 mJ/inf, pkg temp 59.0->74.0 C, sys busy 1.0

=== run ov_fp32_cpu (17:16:11)
ov_fp32_cpu model rep 0: 11.345 W pkg, 344.9 inf/s, 32.89 mJ/inf, pkg temp 61.0->78.0 C, sys busy 0.9997
ov_fp32_cpu model rep 1: 11.295 W pkg, 342.9 inf/s, 32.94 mJ/inf, pkg temp 62.0->78.0 C, sys busy 0.9999
ov_fp32_cpu model rep 2: 11.303 W pkg, 342.9 inf/s, 32.96 mJ/inf, pkg temp 63.0->78.0 C, sys busy 0.9998
ov_fp32_cpu e2e rep 0: 10.745 W pkg, 139.6 inf/s, 76.97 mJ/inf, pkg temp 65.0->80.0 C, sys busy 0.6051
ov_fp32_cpu e2e rep 1: 10.734 W pkg, 139.6 inf/s, 76.89 mJ/inf, pkg temp 64.0->79.0 C, sys busy 0.6052
ov_fp32_cpu e2e rep 2: 10.752 W pkg, 140.0 inf/s, 76.82 mJ/inf, pkg temp 64.0->83.0 C, sys busy 0.6057

=== run ov_fp32_gpu (17:25:13)
ov_fp32_gpu model rep 0: 8.585 W pkg, 369.8 inf/s, 23.21 mJ/inf, pkg temp 63.0->70.0 C, sys busy 0.2518
ov_fp32_gpu model rep 1: 8.532 W pkg, 370.3 inf/s, 23.04 mJ/inf, pkg temp 64.0->69.0 C, sys busy 0.2518
ov_fp32_gpu model rep 2: 8.510 W pkg, 370.6 inf/s, 22.97 mJ/inf, pkg temp 62.0->69.0 C, sys busy 0.2519
ov_fp32_gpu e2e rep 0: 8.505 W pkg, 118.6 inf/s, 71.70 mJ/inf, pkg temp 62.0->72.0 C, sys busy 0.2512
ov_fp32_gpu e2e rep 1: 8.511 W pkg, 119.2 inf/s, 71.42 mJ/inf, pkg temp 62.0->72.0 C, sys busy 0.2512
ov_fp32_gpu e2e rep 2: 8.489 W pkg, 119.3 inf/s, 71.18 mJ/inf, pkg temp 62.0->69.0 C, sys busy 0.2511

=== idle post (17:34:16)
idle[post] rep 0: {'package': 2.7154, 'core': 0.0216, 'uncore': 0.0} W, temps 58.0 C, sys busy 0.0003
idle[post] rep 1: {'package': 2.673, 'core': 0.0189, 'uncore': 0.0} W, temps 55.0 C, sys busy 0.0004
idle[post] rep 2: {'package': 2.6589, 'core': 0.018, 'uncore': 0.0} W, temps 54.0 C, sys busy 0.0004

idle package: 2.660 ± 0.033 W (n=6)
config         mode           pkg W          inf/s     mJ/inf total     mJ/inf >idle temp after
ort_fp32_cpu   model   11.334±0.173 426.550±14.351     26.583±0.483     20.342±0.278       72.0
ort_fp32_cpu   e2e      9.767±0.036  137.794±0.401     70.878±0.452     51.573±0.399       74.0
ov_fp32_cpu    model   11.315±0.027  343.589±1.151     32.931±0.035     25.189±0.014       78.0
ov_fp32_cpu    e2e     10.744±0.009  139.723±0.219     76.892±0.079     57.854±0.055       83.0
ov_fp32_gpu    model    8.542±0.038  370.230±0.374     23.073±0.127     15.888±0.120       70.0
ov_fp32_gpu    e2e      8.502±0.012  119.019±0.343     71.433±0.257     49.083±0.198       72.0
