{
  "config": "ov_int8_gpu",
  "runtime": "openvino 2026.4.1-22982-e213a147257-releases/2026/4 | GPU Intel(R) Graphics [0x46d1] (iGPU) | precision <Type: 'float32'> | OpenCL driver /usr/lib/x86_64-linux-gnu/intel-opencl/libigdrcl.so",
  "onnx": "artifacts/run002_mnv3s_fp32.onnx",
  "img": 224,
  "manifest": "artifacts/val_manifest.csv",
  "n_images": 1270,
  "label_cols": [
    "D",
    "G",
    "C",
    "A",
    "H"
  ],
  "val_auc": {
    "D": 0.4666,
    "G": 0.5619,
    "C": 0.8259,
    "A": 0.6542,
    "H": 0.5532
  },
  "mean_auc": 0.6124,
  "max_abs_prob_diff_vs_torch": 0.9981954097747803,
  "mean_abs_prob_diff_vs_torch": 0.3022094964981079,
  "latency_ms": {
    "mean": 3.479,
    "p50": 3.459,
    "p95": 3.559,
    "p99": 3.572,
    "warmup": 50,
    "timed": 500,
    "batch": 1
  },
  "preprocess_ms_mean": 4.58,
  "preprocess_ms_p50": 4.556,
  "model_load_s": 4.731,
  "peak_rss_mb": 669.6,
  "host": "extraeye",
  "python": "3.13.5"
}
